// Jest Snapshot v1, https://goo.gl/fbAQLP

exports[`Header should match the snapshot 1`] = `
ShallowWrapper {
  Symbol(enzyme.__root__): [Circular],
  Symbol(enzyme.__unrendered__): <Header
    location={
      Object {
        "pathname": "/",
      }
    }
    sendSearch={[MockFunction]}
  />,
  Symbol(enzyme.__renderer__): Object {
    "batchedUpdates": [Function],
    "getNode": [Function],
    "render": [Function],
    "simulateError": [Function],
    "simulateEvent": [Function],
    "unmount": [Function],
  },
  Symbol(enzyme.__node__): Object {
    "instance": null,
    "key": undefined,
    "nodeType": "host",
    "props": Object {
      "children": Array [
        <Link
          className="header-link"
          onClick={[Function]}
          replace={false}
          to="/MustReadList"
        >
          Must Read List
        </Link>,
        <header>
          <div
            className="title-search"
          >
            <h1>
              Booktivist
            </h1>
            <h3>
              Read up, so You can Speak up
            </h3>
            <form
              onSubmit={[Function]}
            >
              <input
                name="search"
                onChange={[Function]}
                placeholder="Search for Authors or Books"
                value=""
              />
              <button
                onClick={[Function]}
              >
                <Link
                  replace={false}
                  to="/SearchResults"
                >
                  Search
                </Link>
              </button>
            </form>
          </div>
          <img
            alt="activist fist"
            src="https://upload.wikimedia.org/wikipedia/commons/thumb/2/2a/Fist.svg/2000px-Fist.svg.png"
          />
        </header>,
      ],
      "className": "header-false",
    },
    "ref": null,
    "rendered": Array [
      Object {
        "instance": null,
        "key": undefined,
        "nodeType": "class",
        "props": Object {
          "children": "Must Read List",
          "className": "header-link",
          "onClick": [Function],
          "replace": false,
          "to": "/MustReadList",
        },
        "ref": null,
        "rendered": "Must Read List",
        "type": [Function],
      },
      Object {
        "instance": null,
        "key": undefined,
        "nodeType": "host",
        "props": Object {
          "children": Array [
            <div
              className="title-search"
            >
              <h1>
                Booktivist
              </h1>
              <h3>
                Read up, so You can Speak up
              </h3>
              <form
                onSubmit={[Function]}
              >
                <input
                  name="search"
                  onChange={[Function]}
                  placeholder="Search for Authors or Books"
                  value=""
                />
                <button
                  onClick={[Function]}
                >
                  <Link
                    replace={false}
                    to="/SearchResults"
                  >
                    Search
                  </Link>
                </button>
              </form>
            </div>,
            <img
              alt="activist fist"
              src="https://upload.wikimedia.org/wikipedia/commons/thumb/2/2a/Fist.svg/2000px-Fist.svg.png"
            />,
          ],
        },
        "ref": null,
        "rendered": Array [
          Object {
            "instance": null,
            "key": undefined,
            "nodeType": "host",
            "props": Object {
              "children": Array [
                <h1>
                  Booktivist
                </h1>,
                <h3>
                  Read up, so You can Speak up
                </h3>,
                <form
                  onSubmit={[Function]}
                >
                  <input
                    name="search"
                    onChange={[Function]}
                    placeholder="Search for Authors or Books"
                    value=""
                  />
                  <button
                    onClick={[Function]}
                  >
                    <Link
                      replace={false}
                      to="/SearchResults"
                    >
                      Search
                    </Link>
                  </button>
                </form>,
              ],
              "className": "title-search",
            },
            "ref": null,
            "rendered": Array [
              Object {
                "instance": null,
                "key": undefined,
                "nodeType": "host",
                "props": Object {
                  "children": "Booktivist",
                },
                "ref": null,
                "rendered": "Booktivist",
                "type": "h1",
              },
              Object {
                "instance": null,
                "key": undefined,
                "nodeType": "host",
                "props": Object {
                  "children": "Read up, so You can Speak up",
                },
                "ref": null,
                "rendered": "Read up, so You can Speak up",
                "type": "h3",
              },
              Object {
                "instance": null,
                "key": undefined,
                "nodeType": "host",
                "props": Object {
                  "children": Array [
                    <input
                      name="search"
                      onChange={[Function]}
                      placeholder="Search for Authors or Books"
                      value=""
                    />,
                    <button
                      onClick={[Function]}
                    >
                      <Link
                        replace={false}
                        to="/SearchResults"
                      >
                        Search
                      </Link>
                    </button>,
                  ],
                  "onSubmit": [Function],
                },
                "ref": null,
                "rendered": Array [
                  Object {
                    "instance": null,
                    "key": undefined,
                    "nodeType": "host",
                    "props": Object {
                      "name": "search",
                      "onChange": [Function],
                      "placeholder": "Search for Authors or Books",
                      "value": "",
                    },
                    "ref": null,
                    "rendered": null,
                    "type": "input",
                  },
                  Object {
                    "instance": null,
                    "key": undefined,
                    "nodeType": "host",
                    "props": Object {
                      "children": <Link
                        replace={false}
                        to="/SearchResults"
                      >
                        Search
                      </Link>,
                      "onClick": [Function],
                    },
                    "ref": null,
                    "rendered": Object {
                      "instance": null,
                      "key": undefined,
                      "nodeType": "class",
                      "props": Object {
                        "children": "Search",
                        "replace": false,
                        "to": "/SearchResults",
                      },
                      "ref": null,
                      "rendered": "Search",
                      "type": [Function],
                    },
                    "type": "button",
                  },
                ],
                "type": "form",
              },
            ],
            "type": "div",
          },
          Object {
            "instance": null,
            "key": undefined,
            "nodeType": "host",
            "props": Object {
              "alt": "activist fist",
              "src": "https://upload.wikimedia.org/wikipedia/commons/thumb/2/2a/Fist.svg/2000px-Fist.svg.png",
            },
            "ref": null,
            "rendered": null,
            "type": "img",
          },
        ],
        "type": "header",
      },
    ],
    "type": "div",
  },
  Symbol(enzyme.__nodes__): Array [
    Object {
      "instance": null,
      "key": undefined,
      "nodeType": "host",
      "props": Object {
        "children": Array [
          <Link
            className="header-link"
            onClick={[Function]}
            replace={false}
            to="/MustReadList"
          >
            Must Read List
          </Link>,
          <header>
            <div
              className="title-search"
            >
              <h1>
                Booktivist
              </h1>
              <h3>
                Read up, so You can Speak up
              </h3>
              <form
                onSubmit={[Function]}
              >
                <input
                  name="search"
                  onChange={[Function]}
                  placeholder="Search for Authors or Books"
                  value=""
                />
                <button
                  onClick={[Function]}
                >
                  <Link
                    replace={false}
                    to="/SearchResults"
                  >
                    Search
                  </Link>
                </button>
              </form>
            </div>
            <img
              alt="activist fist"
              src="https://upload.wikimedia.org/wikipedia/commons/thumb/2/2a/Fist.svg/2000px-Fist.svg.png"
            />
          </header>,
        ],
        "className": "header-false",
      },
      "ref": null,
      "rendered": Array [
        Object {
          "instance": null,
          "key": undefined,
          "nodeType": "class",
          "props": Object {
            "children": "Must Read List",
            "className": "header-link",
            "onClick": [Function],
            "replace": false,
            "to": "/MustReadList",
          },
          "ref": null,
          "rendered": "Must Read List",
          "type": [Function],
        },
        Object {
          "instance": null,
          "key": undefined,
          "nodeType": "host",
          "props": Object {
            "children": Array [
              <div
                className="title-search"
              >
                <h1>
                  Booktivist
                </h1>
                <h3>
                  Read up, so You can Speak up
                </h3>
                <form
                  onSubmit={[Function]}
                >
                  <input
                    name="search"
                    onChange={[Function]}
                    placeholder="Search for Authors or Books"
                    value=""
                  />
                  <button
                    onClick={[Function]}
                  >
                    <Link
                      replace={false}
                      to="/SearchResults"
                    >
                      Search
                    </Link>
                  </button>
                </form>
              </div>,
              <img
                alt="activist fist"
                src="https://upload.wikimedia.org/wikipedia/commons/thumb/2/2a/Fist.svg/2000px-Fist.svg.png"
              />,
            ],
          },
          "ref": null,
          "rendered": Array [
            Object {
              "instance": null,
              "key": undefined,
              "nodeType": "host",
              "props": Object {
                "children": Array [
                  <h1>
                    Booktivist
                  </h1>,
                  <h3>
                    Read up, so You can Speak up
                  </h3>,
                  <form
                    onSubmit={[Function]}
                  >
                    <input
                      name="search"
                      onChange={[Function]}
                      placeholder="Search for Authors or Books"
                      value=""
                    />
                    <button
                      onClick={[Function]}
                    >
                      <Link
                        replace={false}
                        to="/SearchResults"
                      >
                        Search
                      </Link>
                    </button>
                  </form>,
                ],
                "className": "title-search",
              },
              "ref": null,
              "rendered": Array [
                Object {
                  "instance": null,
                  "key": undefined,
                  "nodeType": "host",
                  "props": Object {
                    "children": "Booktivist",
                  },
                  "ref": null,
                  "rendered": "Booktivist",
                  "type": "h1",
                },
                Object {
                  "instance": null,
                  "key": undefined,
                  "nodeType": "host",
                  "props": Object {
                    "children": "Read up, so You can Speak up",
                  },
                  "ref": null,
                  "rendered": "Read up, so You can Speak up",
                  "type": "h3",
                },
                Object {
                  "instance": null,
                  "key": undefined,
                  "nodeType": "host",
                  "props": Object {
                    "children": Array [
                      <input
                        name="search"
                        onChange={[Function]}
                        placeholder="Search for Authors or Books"
                        value=""
                      />,
                      <button
                        onClick={[Function]}
                      >
                        <Link
                          replace={false}
                          to="/SearchResults"
                        >
                          Search
                        </Link>
                      </button>,
                    ],
                    "onSubmit": [Function],
                  },
                  "ref": null,
                  "rendered": Array [
                    Object {
                      "instance": null,
                      "key": undefined,
                      "nodeType": "host",
                      "props": Object {
                        "name": "search",
                        "onChange": [Function],
                        "placeholder": "Search for Authors or Books",
                        "value": "",
                      },
                      "ref": null,
                      "rendered": null,
                      "type": "input",
                    },
                    Object {
                      "instance": null,
                      "key": undefined,
                      "nodeType": "host",
                      "props": Object {
                        "children": <Link
                          replace={false}
                          to="/SearchResults"
                        >
                          Search
                        </Link>,
                        "onClick": [Function],
                      },
                      "ref": null,
                      "rendered": Object {
                        "instance": null,
                        "key": undefined,
                        "nodeType": "class",
                        "props": Object {
                          "children": "Search",
                          "replace": false,
                          "to": "/SearchResults",
                        },
                        "ref": null,
                        "rendered": "Search",
                        "type": [Function],
                      },
                      "type": "button",
                    },
                  ],
                  "type": "form",
                },
              ],
              "type": "div",
            },
            Object {
              "instance": null,
              "key": undefined,
              "nodeType": "host",
              "props": Object {
                "alt": "activist fist",
                "src": "https://upload.wikimedia.org/wikipedia/commons/thumb/2/2a/Fist.svg/2000px-Fist.svg.png",
              },
              "ref": null,
              "rendered": null,
              "type": "img",
            },
          ],
          "type": "header",
        },
      ],
      "type": "div",
    },
  ],
  Symbol(enzyme.__options__): Object {
    "adapter": ReactSixteenAdapter {
      "options": Object {
        "enableComponentDidUpdateOnSetState": true,
        "lifecycles": Object {
          "componentDidUpdate": Object {
            "onSetState": true,
          },
          "getDerivedStateFromProps": true,
          "getSnapshotBeforeUpdate": true,
          "setState": Object {
            "skipsComponentDidUpdateOnNullish": true,
          },
        },
      },
    },
  },
}
`;
